// Jest Snapshot v1, https://goo.gl/fbAQLP

exports[`App should render correctly 1`] = `
<styled.div>
  <GlobalStyleComponent />
  <Screen
    value=""
  />
  <Brand>
    <Button
      handleClick={[Function]}
      value="C"
    />
  </Brand>
  <styled.div>
    <styled.div>
      <Styled(Button)
        handleClick={[Function]}
        key="1"
        value="1"
      />
      <Styled(Button)
        handleClick={[Function]}
        key="2"
        value="2"
      />
      <Styled(Button)
        handleClick={[Function]}
        key="3"
        value="3"
      />
      <Styled(Button)
        handleClick={[Function]}
        key="4"
        value="4"
      />
      <Styled(Button)
        handleClick={[Function]}
        key="5"
        value="5"
      />
      <Styled(Button)
        handleClick={[Function]}
        key="6"
        value="6"
      />
      <Styled(Button)
        handleClick={[Function]}
        key="7"
        value="7"
      />
      <Styled(Button)
        handleClick={[Function]}
        key="8"
        value="8"
      />
      <Styled(Button)
        handleClick={[Function]}
        key="9"
        value="9"
      />
      <Styled(Button)
        handleClick={[Function]}
        key="0"
        value="0"
      />
      <Styled(Button)
        handleClick={[Function]}
        key="."
        value="."
      />
      <Styled(Button)
        handleClick={[Function]}
        value="="
      />
    </styled.div>
    <styled.div>
      <Button
        handleClick={[Function]}
        label="รท"
        value="/"
      />
      <Button
        handleClick={[Function]}
        label="x"
        value="*"
      />
      <Button
        handleClick={[Function]}
        value="-"
      />
      <Button
        handleClick={[Function]}
        value="+"
      />
    </styled.div>
  </styled.div>
</styled.div>
`;
